错误: 找不到或无法加载主类 com.shuyixiao.esdsl.TestNewParser
原因: java.lang.ClassNotFoundException: com.shuyixiao.esdsl.TestNewParser
